
There are no discarded input sections

Memory Configuration

Name             Origin             Length             Attributes
FLASH            0x08000000         0x00080000         xr
SRAM             0x20000000         0x00020000         xrw
*default*        0x00000000         0xffffffff

Linker script and memory map

LOAD object/kmath.o
LOAD object/kfloat.o
LOAD object/cm4.o
LOAD object/mcu_info.o
LOAD object/kstring.o
LOAD object/kmain.o
LOAD object/stm32_startup.o
LOAD object/sys_clock.o
LOAD object/sys_usart.o
LOAD object/sys_gpio.o
LOAD object/kstdio.o
LOAD object/sys_init.o
LOAD object/unistd.o
LOAD object/times.o
LOAD object/serial_lin.o
LOAD object/UsartRingBuffer.o
LOAD object/debug.o
LOAD object/timer.o
LOAD object/sys_err.o
LOAD object/sys_rtc.o
LOAD object/syscall.o

.text           0x08000000     0x5668
                0x08000000                        _stext = .
 *(.isr_vector)
 .isr_vector    0x08000000      0x1c4 object/stm32_startup.o
                0x08000000                NVIC_VECTOR
 *(.text)
 .text          0x080001c4       0x4e object/kmath.o
                0x080001c4                __pow
 *fill*         0x08000212        0x2 
 .text          0x08000214      0xed4 object/kfloat.o
                0x08000214                __aeabi_f2d
                0x080002da                __aeabi_d2f
                0x08000362                __aeabi_d2iz
                0x080003f2                __aeabi_d2i
                0x08000482                get_decimal_part
                0x0800056c                __aeabi_ui2d
                0x080005ec                __aeabi_d2uiz
                0x08000662                __aeabi_dsub
                0x08000922                __aeabi_dmul
                0x08000ad4                __aeabi_dadd
                0x08000d82                __aeabi_d2ulz
                0x08000e00                __aeabi_ddiv
                0x080010a8                __aeabi_dcmpeq
 .text          0x080010e8      0x2a0 object/cm4.o
                0x080010e8                __SysTick_init
                0x08001140                SysTickIntDisable
                0x08001160                SysTickIntEnable
                0x08001180                __SysTick_enable
                0x080011a0                __sysTick_disable
                0x080011c0                __getSysTickCount
                0x080011d8                __updateSysTick
                0x08001234                __getTime
                0x0800124c                __get__Second
                0x08001270                __get__Minute
                0x08001294                __get__Hour
                0x080012b8                SysTick_Handler
                0x080012d4                __enable_fpu
                0x080012f8                ms_delay
                0x08001328                getmsTick
                0x08001340                wait_until
                0x08001378                SYS_SLEEP_WFI
 .text          0x08001388      0x1c8 object/mcu_info.o
                0x08001388                show_system_info
                0x0800143c                store_product_id
                0x0800153c                get_product_id
 .text          0x08001550      0x914 object/kstring.o
                0x08001550                __str_to_num
                0x08001632                __reverse_str
                0x08001690                __strlen
                0x080016be                convert
                0x0800173c                convertu32
                0x08001794                float2str
                0x08001860                str2float
                0x08001962                kmemset
                0x080019ae                StrCat
                0x080019f8                strcopy
                0x08001a32                clear_str
                0x08001a70                strncopy
                0x08001ac2                strn4mcopy
                0x08001b10                byte_to_hex
                0x08001b84                show_byte_hex_str
                0x08001bc4                show_byte_stream_hex
                0x08001c04                strcomp
                0x08001c54                strncopy_cmd
                0x08001ca2                uint16_to_str
                0x08001df4                strCat_n_to_m
 .text          0x08001e64      0x200 object/kmain.o
                0x08001e64                kmain
 .text          0x08002064      0x150 object/stm32_startup.o
                0x08002064                Reset_Handler
                0x0800211c                RTC_WKUP_Handler
                0x0800211c                FLASH_Handler
                0x0800211c                DMA2_Stream7_Handler
                0x0800211c                OTG_HS_Handler
                0x0800211c                DMA2_Stream3_Handler
                0x0800211c                USART3_Handler
                0x0800211c                NMI_Handler
                0x0800211c                SAI1_Handler
                0x0800211c                TIM6_DAC_Handler
                0x0800211c                CAN1_RX1_Handler
                0x0800211c                EXTI15_10_Handler
                0x0800211c                ADC_Handler
                0x0800211c                I2C1_EV_Handler
                0x0800211c                TAMP_STAMP_Handler
                0x0800211c                I2C3_ER_Handler
                0x0800211c                WWDG_Handler
                0x0800211c                EXTI4_Handler
                0x0800211c                I2C3_EV_Handler
                0x0800211c                DMA1_Stream1_Handler
                0x0800211c                DMA2_Stream4_Handler
                0x0800211c                DMA1_Stream7_Handler
                0x0800211c                OTG_FS_Handler
                0x0800211c                TIM1_BRK_TIM9_Handler
                0x0800211c                I2C1_ER_Handler
                0x0800211c                DMA1_Stream3_Handler
                0x0800211c                UsageFault_Handler
                0x0800211c                TIM1_UP_TIM10_Handler
                0x0800211c                CAN1_RX0_Handler
                0x0800211c                TIM1_CC_Handler
                0x0800211c                I2C2_ER_Handler
                0x0800211c                TIM8_CC_Handler
                0x0800211c                HDMI_CEC_Handler
                0x0800211c                SAI2_Handler
                0x0800211c                CAN1_SCE_Handler
                0x0800211c                DMA1_Stream0_Handler
                0x0800211c                OTG_HS_EP1_OUT_Handler
                0x0800211c                EXTI1_Handler
                0x0800211c                FMC_Handler
                0x0800211c                EXTI3_Handler
                0x0800211c                EXTI2_Handler
                0x0800211c                UART4_Handler
                0x0800211c                CAN2_RX1_Handler
                0x0800211c                EXTI9_5_Handler
                0x0800211c                USART1_Handler
                0x0800211c                CAN2_SCE_Handler
                0x0800211c                TIM3_Handler
                0x0800211c                DMA2_Stream6_Handler
                0x0800211c                Default_Handler
                0x0800211c                DCMI_Handler
                0x0800211c                TIM1_TRG_COM_TIM11_Handler
                0x0800211c                RTC_Alarm_Handler
                0x0800211c                TIM4_Handler
                0x0800211c                TIM8_UP_TIM13_Handler
                0x0800211c                CAN2_TX_Handler
                0x0800211c                SPI2_Handler
                0x0800211c                DMA2_Stream1_Handler
                0x0800211c                DMA1_Stream2_Handler
                0x0800211c                EXTI0_Handler
                0x0800211c                TIM8_BRK_TIM12_Handler
                0x0800211c                CAN2_RX0_Handler
                0x0800211c                DMA2_Stream5_Handler
                0x0800211c                DMA1_Stream6_Handler
                0x0800211c                SDIO_Handler
                0x0800211c                FMPI2C1_ERR_Handler
                0x0800211c                SPI1_Handler
                0x0800211c                I2C2_EV_Handler
                0x0800211c                SPDIF_Rx_Handler
                0x0800211c                DMA2_Stream2_Handler
                0x0800211c                SPI3_Handler
                0x0800211c                DMA2_Stream0_Handler
                0x0800211c                RCC_Handler
                0x0800211c                PVD_Handler
                0x0800211c                UART5_Handler
                0x0800211c                DMA1_Stream5_Handler
                0x0800211c                TIM5_Handler
                0x0800211c                QuadSPI_Handler
                0x0800211c                TIM7_Handler
                0x0800211c                TIM8_TRG_COM_TIM14_Handler
                0x0800211c                CAN1_TX_Handler
                0x0800211c                FPU_Handler
                0x0800211c                FMPI2C1_Handler
                0x0800211c                DMA1_Stream4_Handler
                0x0800211c                DebugMonitor_Handler
                0x0800211c                OTG_HS_WKUP_Handler
                0x0800211c                OTG_FS_WKUP_Handler
                0x0800211c                SPI4_Handler
                0x0800211c                OTG_HS_EP1_IN_Handler
                0x08002124                HardFault_Handler
                0x0800212c                MemManage_Handler
                0x08002134                BusFault_Handler
                0x0800213c                SVCall_Handler
                0x08002150                SVC_Handler_C
                0x080021a4                PendSV_Handler
 .text          0x080021b4      0x308 object/sys_clock.o
                0x080021b4                __init_sys_clock
                0x08002280                __APB1CLK_FREQ
                0x080022fc                __APB2CLK_FREQ
                0x08002378                __PLL_SYS_CLK
                0x08002410                __AHB_CLK
 .text          0x080024bc      0x584 object/sys_usart.o
                0x0800256c                UART_Init
                0x08002606                UART_DeInit
                0x08002674                UART_BRR_SAMPLING16
                0x08002808                UART_MspInit
 .text          0x08002a40      0x5bc object/sys_gpio.o
                0x08002a40                GPIO_WritePin
                0x08002a72                GPIO_Init
                0x08002d78                GPIO_DeInit
                0x08002f60                SPI_GPIOInit
 .text          0x08002ffc      0x464 object/kstdio.o
                0x08002ffc                kprintf
                0x08003190                putstr
                0x0800329c                kscanf
 .text          0x08003460      0x170 object/sys_init.o
                0x080034d8                __sys_init
                0x080035b0                SYS_ROUTINE
                0x080035bc                display_group_info
 .text          0x080035d0       0xc6 object/unistd.o
                0x080035d0                read
                0x080035f8                write
                0x08003620                _exit
                0x08003638                getpid
                0x08003652                getSysTickTime
                0x0800366c                reboot
                0x0800367e                yield
 .text          0x08003696        0x0 object/times.o
 *fill*         0x08003696        0x2 
 .text          0x08003698      0x1b8 object/serial_lin.o
                0x08003698                SerialLin2_init
                0x08003730                SerialLin6_init
                0x080037c8                USART2_Handler
                0x080037dc                USART6_Handler
                0x080037f0                noIntWrite
                0x08003820                noIntSendString
 .text          0x08003850      0xb7c object/UsartRingBuffer.o
                0x08003850                Ringbuf_init
                0x080038ea                Look_for
                0x0800398a                GetDataFromBuffer
                0x08003aca                Uart_flush
                0x08003b06                Uart_peek
                0x08003b80                Uart_read
                0x08003c20                Uart_write
                0x08003cd8                IsDataAvailable
                0x08003d5c                Get_after
                0x08003dba                Uart_sendstring
                0x08003de8                Uart_printbase
                0x08003e80                Copy_upto
                0x08003f80                Wait_for
                0x0800406c                look_for_frame
                0x080041d2                Uart_isr
                0x080042e0                update_tail
                0x08004346                debug_buffer
 .text          0x080043cc      0x110 object/debug.o
                0x080043cc                __debugRamUsage
                0x08004418                __digitalWriteDebugButton
                0x08004474                __digitalReadDebugButton
                0x080044a4                __alalogReadDebug
                0x080044bc                __analogWriteDebug
 .text          0x080044dc      0x228 object/timer.o
                0x08004518                ConfigTimer2ForSystem
                0x08004594                Delay_micro_second
                0x08004628                Delay
                0x08004656                getMiliseconds
                0x08004698                getMicroseconds
                0x080046c8                TIM2_Handler
 .text          0x08004704       0x14 object/sys_err.o
                0x08004704                Error_Handler
 .text          0x08004718      0x364 object/sys_rtc.o
                0x08004718                SYS_RTC_init
                0x080049c0                get_timeofDay
 .text          0x08004a7c      0x1e8 object/syscall.o
                0x08004aa4                syscall_dispatch
 *(.rodata)
 .rodata        0x08004c64       0x64 object/mcu_info.o
 .rodata        0x08004cc8        0x6 object/kstring.o
 *fill*         0x08004cce        0x2 
 .rodata        0x08004cd0      0x152 object/kmain.o
 *fill*         0x08004e22        0x2 
 .rodata        0x08004e24        0x4 object/stm32_startup.o
                0x08004e24                STACK_START
 .rodata        0x08004e28       0x18 object/sys_clock.o
                0x08004e28                AHBPrescTable
                0x08004e38                APBPrescTable
 .rodata        0x08004e40      0x12f object/sys_init.o
 *fill*         0x08004f6f        0x1 
 .rodata        0x08004f70      0x6f8 object/syscall.o
                0x08005560                sys_errlist
                0x08005664                sys_nerr
                0x08005668                        . = ALIGN (0x4)
                0x08005668                        _etext = .
                0x08005668                        _la_data = LOADADDR (.data)

.glue_7         0x08005668        0x0
 .glue_7        0x08005668        0x0 linker stubs

.glue_7t        0x08005668        0x0
 .glue_7t       0x08005668        0x0 linker stubs

.vfp11_veneer   0x08005668        0x0
 .vfp11_veneer  0x08005668        0x0 linker stubs

.v4_bx          0x08005668        0x0
 .v4_bx         0x08005668        0x0 linker stubs

.iplt           0x08005668        0x0
 .iplt          0x08005668        0x0 object/kfloat.o

.rel.dyn        0x08005668        0x0
 .rel.iplt      0x08005668        0x0 object/kfloat.o

.data           0x20000000       0x6c load address 0x08005668
                0x20000000                        _sdata = .
 *(.data)
 .data          0x20000000        0x0 object/kmath.o
 .data          0x20000000        0x0 object/kfloat.o
 .data          0x20000000        0x0 object/cm4.o
 .data          0x20000000        0x0 object/mcu_info.o
 .data          0x20000000       0x61 object/kstring.o
 .data          0x20000061        0x0 object/kmain.o
 .data          0x20000061        0x0 object/stm32_startup.o
 .data          0x20000061        0x0 object/sys_clock.o
 .data          0x20000061        0x0 object/sys_usart.o
 .data          0x20000061        0x0 object/sys_gpio.o
 .data          0x20000061        0x0 object/kstdio.o
 .data          0x20000061        0x0 object/sys_init.o
 .data          0x20000061        0x0 object/unistd.o
 .data          0x20000061        0x0 object/times.o
 *fill*         0x20000061        0x3 
 .data          0x20000064        0x8 object/serial_lin.o
                0x20000064                errObj
 .data          0x2000006c        0x0 object/UsartRingBuffer.o
 .data          0x2000006c        0x0 object/debug.o
 .data          0x2000006c        0x0 object/timer.o
 .data          0x2000006c        0x0 object/sys_err.o
 .data          0x2000006c        0x0 object/sys_rtc.o
 .data          0x2000006c        0x0 object/syscall.o
                0x2000006c                        . = ALIGN (0x4)
                0x2000006c                        _edata = .

.igot.plt       0x2000006c        0x0 load address 0x080056d4
 .igot.plt      0x2000006c        0x0 object/kfloat.o

.bss            0x2000006c      0x8fc load address 0x080056d4
                0x2000006c                        _sbss = .
 *(.bss)
 .bss           0x2000006c        0x0 object/kmath.o
 .bss           0x2000006c        0x0 object/kfloat.o
 .bss           0x2000006c        0x4 object/cm4.o
 .bss           0x20000070       0x14 object/mcu_info.o
 .bss           0x20000084       0x32 object/kstring.o
 .bss           0x200000b6        0x0 object/kmain.o
 *fill*         0x200000b6        0x2 
 .bss           0x200000b8        0xc object/stm32_startup.o
                0x200000b8                _bss_size
                0x200000bc                _data_size
                0x200000c0                _text_size
 .bss           0x200000c4        0x0 object/sys_clock.o
 .bss           0x200000c4        0x0 object/sys_usart.o
 .bss           0x200000c4        0x0 object/sys_gpio.o
 .bss           0x200000c4        0x0 object/kstdio.o
 .bss           0x200000c4        0x0 object/sys_init.o
 .bss           0x200000c4        0x0 object/unistd.o
 .bss           0x200000c4        0x0 object/times.o
 .bss           0x200000c4      0x890 object/serial_lin.o
                0x200000c4                huart2
                0x2000050c                huart6
 .bss           0x20000954        0x0 object/UsartRingBuffer.o
 .bss           0x20000954        0xc object/debug.o
                0x20000958                CURRENT_MSP
                0x2000095c                DEBUG_BUTTON
                0x2000095e                DEBUG_ANALOG_IO
 .bss           0x20000960        0x5 object/timer.o
 .bss           0x20000965        0x0 object/sys_err.o
 .bss           0x20000965        0x0 object/sys_rtc.o
 *fill*         0x20000965        0x1 
 .bss           0x20000966        0x2 object/syscall.o
                0x20000966                g_current_task_id
                0x20000968                        _ebss = .
OUTPUT(build/final.elf elf32-littlearm)
LOAD linker stubs

.comment        0x00000000       0x26
 .comment       0x00000000       0x26 object/kmath.o
                                 0x27 (size before relaxing)
 .comment       0x00000026       0x27 object/kfloat.o
 .comment       0x00000026       0x27 object/cm4.o
 .comment       0x00000026       0x27 object/mcu_info.o
 .comment       0x00000026       0x27 object/kstring.o
 .comment       0x00000026       0x27 object/kmain.o
 .comment       0x00000026       0x27 object/stm32_startup.o
 .comment       0x00000026       0x27 object/sys_clock.o
 .comment       0x00000026       0x27 object/sys_usart.o
 .comment       0x00000026       0x27 object/sys_gpio.o
 .comment       0x00000026       0x27 object/kstdio.o
 .comment       0x00000026       0x27 object/sys_init.o
 .comment       0x00000026       0x27 object/unistd.o
 .comment       0x00000026       0x27 object/times.o
 .comment       0x00000026       0x27 object/serial_lin.o
 .comment       0x00000026       0x27 object/UsartRingBuffer.o
 .comment       0x00000026       0x27 object/debug.o
 .comment       0x00000026       0x27 object/timer.o
 .comment       0x00000026       0x27 object/sys_err.o
 .comment       0x00000026       0x27 object/sys_rtc.o
 .comment       0x00000026       0x27 object/syscall.o

.ARM.attributes
                0x00000000       0x32
 .ARM.attributes
                0x00000000       0x32 object/kmath.o
 .ARM.attributes
                0x00000032       0x32 object/kfloat.o
 .ARM.attributes
                0x00000064       0x32 object/cm4.o
 .ARM.attributes
                0x00000096       0x32 object/mcu_info.o
 .ARM.attributes
                0x000000c8       0x32 object/kstring.o
 .ARM.attributes
                0x000000fa       0x32 object/kmain.o
 .ARM.attributes
                0x0000012c       0x32 object/stm32_startup.o
 .ARM.attributes
                0x0000015e       0x32 object/sys_clock.o
 .ARM.attributes
                0x00000190       0x32 object/sys_usart.o
 .ARM.attributes
                0x000001c2       0x32 object/sys_gpio.o
 .ARM.attributes
                0x000001f4       0x32 object/kstdio.o
 .ARM.attributes
                0x00000226       0x32 object/sys_init.o
 .ARM.attributes
                0x00000258       0x32 object/unistd.o
 .ARM.attributes
                0x0000028a       0x32 object/times.o
 .ARM.attributes
                0x000002bc       0x32 object/serial_lin.o
 .ARM.attributes
                0x000002ee       0x32 object/UsartRingBuffer.o
 .ARM.attributes
                0x00000320       0x32 object/debug.o
 .ARM.attributes
                0x00000352       0x32 object/timer.o
 .ARM.attributes
                0x00000384       0x32 object/sys_err.o
 .ARM.attributes
                0x000003b6       0x32 object/sys_rtc.o
 .ARM.attributes
                0x000003e8       0x32 object/syscall.o
